16:58:00 **** Incremental Build of configuration Debug for project servo_motion_controller ****
make -j6 all 
arm-none-eabi-gcc "../Core/Src/application.c" -mcpu=cortex-m4 -std=gnu11 -g3 -DDEBUG -DUSE_HAL_DRIVER -DSTM32F446xx -c -I../Core/Inc -I../Drivers/STM32F4xx_HAL_Driver/Inc -I../Drivers/STM32F4xx_HAL_Driver/Inc/Legacy -I../Drivers/CMSIS/Device/ST/STM32F4xx/Include -I../Drivers/CMSIS/Include -O0 -ffunction-sections -fdata-sections -Wall -fstack-usage -fcyclomatic-complexity -MMD -MP -MF"Core/Src/application.d" -MT"Core/Src/application.o" --specs=nano.specs -mfpu=fpv4-sp-d16 -mfloat-abi=hard -mthumb -o "Core/Src/application.o"
arm-none-eabi-gcc -o "servo_motion_controller.elf" @"objects.list"   -mcpu=cortex-m4 -T"C:\Users\asus\Desktop\EduSCARA\Motion Controller\STM32CubeIDE\servo_motion_controller\STM32F446RETX_FLASH.ld" --specs=nosys.specs -Wl,-Map="servo_motion_controller.map" -Wl,--gc-sections -static --specs=nano.specs -mfpu=fpv4-sp-d16 -mfloat-abi=hard -mthumb -Wl,--start-group -lc -lm -Wl,--end-group
Finished building target: servo_motion_controller.elf
 
arm-none-eabi-size  servo_motion_controller.elf 
arm-none-eabi-objdump -h -S servo_motion_controller.elf  > "servo_motion_controller.list"
   text	   data	    bss	    dec	    hex	filename
  47348	    120	   2704	  50172	   c3fc	servo_motion_controller.elf
Finished building: default.size.stdout
 
Finished building: servo_motion_controller.list
 
17:15:23 **** Incremental Build of configuration Debug for project servo_motion_controller ****
make -j6 all 
arm-none-eabi-gcc "../Core/Src/application.c" -mcpu=cortex-m4 -std=gnu11 -g3 -DDEBUG -DUSE_HAL_DRIVER -DSTM32F446xx -c -I../Core/Inc -I../Drivers/STM32F4xx_HAL_Driver/Inc -I../Drivers/STM32F4xx_HAL_Driver/Inc/Legacy -I../Drivers/CMSIS/Device/ST/STM32F4xx/Include -I../Drivers/CMSIS/Include -O0 -ffunction-sections -fdata-sections -Wall -fstack-usage -fcyclomatic-complexity -MMD -MP -MF"Core/Src/application.d" -MT"Core/Src/application.o" --specs=nano.specs -mfpu=fpv4-sp-d16 -mfloat-abi=hard -mthumb -o "Core/Src/application.o"
arm-none-eabi-gcc "../Core/Src/gpio.c" -mcpu=cortex-m4 -std=gnu11 -g3 -DDEBUG -DUSE_HAL_DRIVER -DSTM32F446xx -c -I../Core/Inc -I../Drivers/STM32F4xx_HAL_Driver/Inc -I../Drivers/STM32F4xx_HAL_Driver/Inc/Legacy -I../Drivers/CMSIS/Device/ST/STM32F4xx/Include -I../Drivers/CMSIS/Include -O0 -ffunction-sections -fdata-sections -Wall -fstack-usage -fcyclomatic-complexity -MMD -MP -MF"Core/Src/gpio.d" -MT"Core/Src/gpio.o" --specs=nano.specs -mfpu=fpv4-sp-d16 -mfloat-abi=hard -mthumb -o "Core/Src/gpio.o"
arm-none-eabi-gcc -o "servo_motion_controller.elf" @"objects.list"   -mcpu=cortex-m4 -T"C:\Users\asus\Desktop\EduSCARA\Motion Controller\STM32CubeIDE\servo_motion_controller\STM32F446RETX_FLASH.ld" --specs=nosys.specs -Wl,-Map="servo_motion_controller.map" -Wl,--gc-sections -static --specs=nano.specs -mfpu=fpv4-sp-d16 -mfloat-abi=hard -mthumb -Wl,--start-group -lc -lm -Wl,--end-group
Finished building target: servo_motion_controller.elf
 
arm-none-eabi-size  servo_motion_controller.elf 
arm-none-eabi-objdump -h -S servo_motion_controller.elf  > "servo_motion_controller.list"
   text	   data	    bss	    dec	    hex	filename
  47356	    120	   2704	  50180	   c404	servo_motion_controller.elf
Finished building: default.size.stdout
 
Finished building: servo_motion_controller.list
 
17:20:16 **** Incremental Build of configuration Debug for project servo_motion_controller ****
make -j6 all 
arm-none-eabi-size  servo_motion_controller.elf 
   text	   data	    bss	    dec	    hex	filename
  47356	    120	   2704	  50180	   c404	servo_motion_controller.elf
Finished building: default.size.stdout
 
17:23:47 **** Incremental Build of configuration Debug for project servo_motion_controller ****
make -j6 all 
arm-none-eabi-size  servo_motion_controller.elf 
   text	   data	    bss	    dec	    hex	filename
  47356	    120	   2704	  50180	   c404	servo_motion_controller.elf
Finished building: default.size.stdout
 
